[2026-07-09 21:29:19] Iniciando uploadFile: local=C:\Users\aaron\AppData\Local\Temp\phpAEB5.tmp, dest=alojamientos/08ef3010-3f93-4274-97cc-41fec89d5665_1_1783632559.jpg, mime=image/jpeg
[2026-07-09 21:29:19] Credenciales encontradas. BaseUrl=https://veladerostor...
[2026-07-09 21:29:19] Archivo leido correctamente. Size: 4424
[2026-07-09 21:29:19] Usando cURL...
[2026-07-09 21:29:21] ÉXITO cURL! HTTP 201
[2026-07-09 21:29:31] Iniciando uploadFile: local=C:\Users\aaron\AppData\Local\Temp\phpE19E.tmp, dest=alojamientos/08ef3010-3f93-4274-97cc-41fec89d5665_1_1783632571.jpg, mime=image/jpeg
[2026-07-09 21:29:31] Credenciales encontradas. BaseUrl=https://veladerostor...
[2026-07-09 21:29:31] Archivo leido correctamente. Size: 4424
[2026-07-09 21:29:31] Usando cURL...
[2026-07-09 21:29:32] ÉXITO cURL! HTTP 201
[2026-07-09 21:29:32] Iniciando uploadFile: local=C:\Users\aaron\AppData\Local\Temp\phpE19F.tmp, dest=alojamientos/08ef3010-3f93-4274-97cc-41fec89d5665_2_1783632572.jpg, mime=image/jpeg
[2026-07-09 21:29:32] Credenciales encontradas. BaseUrl=https://veladerostor...
[2026-07-09 21:29:32] Archivo leido correctamente. Size: 46781
[2026-07-09 21:29:32] Usando cURL...
[2026-07-09 21:29:33] ÉXITO cURL! HTTP 201
[2026-07-09 21:31:53] Iniciando uploadFile: local=C:\Users\aaron\AppData\Local\Temp\phpD3A.tmp, dest=alojamientos/e2bc4b53-99c5-4151-be3e-e0b8f8aefd69_1_1783632713.jpg, mime=image/jpeg
[2026-07-09 21:31:53] Credenciales encontradas. BaseUrl=https://veladerostor...
[2026-07-09 21:31:53] Archivo leido correctamente. Size: 11510
[2026-07-09 21:31:53] Usando cURL...
[2026-07-09 21:31:53] ÉXITO cURL! HTTP 201
[2026-07-09 21:31:54] Iniciando uploadFile: local=C:\Users\aaron\AppData\Local\Temp\phpD3B.tmp, dest=alojamientos/e2bc4b53-99c5-4151-be3e-e0b8f8aefd69_2_1783632714.jpg, mime=image/jpeg
[2026-07-09 21:31:54] Credenciales encontradas. BaseUrl=https://veladerostor...
[2026-07-09 21:31:54] Archivo leido correctamente. Size: 59321
[2026-07-09 21:31:54] Usando cURL...
[2026-07-09 21:31:54] ÉXITO cURL! HTTP 201
[2026-07-09 21:31:55] Iniciando uploadFile: local=C:\Users\aaron\AppData\Local\Temp\phpD3C.tmp, dest=alojamientos/e2bc4b53-99c5-4151-be3e-e0b8f8aefd69_3_1783632715.jpg, mime=image/jpeg
[2026-07-09 21:31:55] Credenciales encontradas. BaseUrl=https://veladerostor...
[2026-07-09 21:31:55] Archivo leido correctamente. Size: 55490
[2026-07-09 21:31:55] Usando cURL...
[2026-07-09 21:31:56] ÉXITO cURL! HTTP 201
[2026-07-09 21:32:26] Iniciando uploadFile: local=C:\Users\aaron\AppData\Local\Temp\php9019.tmp, dest=usuarios/perfil_3377ee27-6177-4d30-8b79-fcb2043c75f2_1783632746.jpg, mime=image/jpeg
[2026-07-09 21:32:26] Credenciales encontradas. BaseUrl=https://veladerostor...
[2026-07-09 21:32:26] Archivo leido correctamente. Size: 43830
[2026-07-09 21:32:26] Usando cURL...
[2026-07-09 21:32:27] ÉXITO cURL! HTTP 201
[2026-07-09 21:36:38] Iniciando uploadFile: local=C:\Users\aaron\AppData\Local\Temp\php6A11.tmp, dest=contratos/contrato_f02acfa2-f9c1-4f5a-bb12-a131b2f36365_1783632998.pdf, mime=application/pdf
[2026-07-09 21:36:38] Credenciales encontradas. BaseUrl=https://veladerostor...
[2026-07-09 21:36:38] Archivo leido correctamente. Size: 626167
[2026-07-09 21:36:38] Usando cURL...
[2026-07-09 21:36:41] ÉXITO cURL! HTTP 201
